// Jest Snapshot v1, https://goo.gl/fbAQLP

exports[`Render components CountryComponent is rendering 1`] = `
<div
  className="home"
>
  <div
    className="search"
  >
    <svg
      fill="currentColor"
      height={30}
      stroke="currentColor"
      strokeWidth="0"
      style={
        Object {
          "color": undefined,
        }
      }
      viewBox="0 0 1024 1024"
      width={30}
      xmlns="http://www.w3.org/2000/svg"
    >
      <path
        d="M909.6 854.5L649.9 594.8C690.2 542.7 712 479 712 412c0-80.2-31.3-155.4-87.9-212.1-56.6-56.7-132-87.9-212.1-87.9s-155.5 31.3-212.1 87.9C143.2 256.5 112 331.8 112 412c0 80.1 31.3 155.5 87.9 212.1C256.5 680.8 331.8 712 412 712c67 0 130.6-21.8 182.7-62l259.7 259.6a8.2 8.2 0 0 0 11.6 0l43.6-43.5a8.2 8.2 0 0 0 0-11.6zM570.4 570.4C528 612.7 471.8 636 412 636s-116-23.3-158.4-65.6C211.3 528 188 471.8 188 412s23.3-116.1 65.6-158.4C296 211.3 352.2 188 412 188s116.1 23.2 158.4 65.6S636 352.2 636 412s-23.3 116.1-65.6 158.4z"
      />
    </svg>
    <input
      onChange={[Function]}
      placeholder="Search for country..."
      type="text"
    />
  </div>
  <div
    className="countries-container"
  />
</div>
`;

exports[`Render components The Header component is rendering 1`] = `
<nav>
  <div
    className="left-nav"
  >
    <a
      href="/"
      onClick={[Function]}
    >
      <svg
        className="icon"
        fill="currentColor"
        height={30}
        stroke="currentColor"
        strokeWidth="0"
        style={
          Object {
            "color": undefined,
          }
        }
        viewBox="0 0 512 512"
        width={30}
        xmlns="http://www.w3.org/2000/svg"
      >
        <path
          d="M427 234.625H167.296l119.702-119.702L256 85 85 256l171 171 29.922-29.924-118.626-119.701H427v-42.75z"
        />
      </svg>
    </a>
    <svg
      fill="currentColor"
      height={40}
      stroke="currentColor"
      strokeWidth="0"
      style={
        Object {
          "color": undefined,
        }
      }
      viewBox="0 0 24 24"
      width={40}
      xmlns="http://www.w3.org/2000/svg"
    >
      <g>
        <path
          d="M0 0H24V24H0z"
          fill="none"
        />
        <path
          d="M13.717 1.947l3.734 1.434-.717 1.867-.934-.359-.746 1.945c.779.462 1.444 1.094 1.945 1.846l1.903-.847-.407-.914 1.827-.813 1.627 3.654-1.827.813-.407-.913-1.902.847c.122.477.187.978.187 1.493 0 .406-.04.803-.117 1.187l1.944.746.358-.933 1.868.717-1.434 3.734-1.867-.717.358-.933-1.944-.747c-.462.779-1.094 1.444-1.846 1.945l.847 1.903.914-.407.813 1.827-3.654 1.627-.813-1.827.913-.407-.847-1.902c-.477.122-.978.187-1.493.187-.407 0-.804-.04-1.188-.118l-.746 1.945.934.358-.717 1.868-3.734-1.434.717-1.867.932.358.748-1.944C8.167 16.704 7.502 16.072 7 15.32l-1.903.847.407.914-1.827.813-1.627-3.654 1.827-.813.406.914 1.903-.848C6.065 13.016 6 12.515 6 12c0-.406.04-.803.117-1.187l-1.945-.746-.357.933-1.868-.717L3.381 6.55l1.867.717-.359.933 1.945.747C7.296 8.167 7.928 7.502 8.68 7l-.847-1.903-.914.407-.813-1.827L9.76 2.051l.813 1.827-.913.407.847 1.902C10.984 6.065 11.485 6 12 6c.406 0 .803.04 1.187.117l.745-1.945L13 3.815l.717-1.868zm-3.583 11.285c-.276.478-.112 1.09.366 1.366s1.09.112 1.366-.366.112-1.09-.366-1.366-1.09-.112-1.366.366zM14 11c-.552 0-1 .448-1 1s.448 1 1 1 1-.448 1-1-.448-1-1-1zm-3.5-1.598c-.478.276-.642.888-.366 1.366.276.478.888.642 1.366.366.478-.276.642-.888.366-1.366-.276-.478-.888-.642-1.366-.366z"
        />
      </g>
    </svg>
    <h2>
      Covid Stats
    </h2>
  </div>
  <div
    className="right-nav"
  >
    <svg
      className="icon"
      fill="currentColor"
      height={30}
      stroke="currentColor"
      strokeWidth="0"
      style={
        Object {
          "color": undefined,
        }
      }
      viewBox="0 0 24 24"
      width={30}
      xmlns="http://www.w3.org/2000/svg"
    >
      <path
        d="M0 0h24v24H0z"
        fill="none"
      />
      <path
        d="M12 15c1.66 0 2.99-1.34 2.99-3L15 6c0-1.66-1.34-3-3-3S9 4.34 9 6v6c0 1.66 1.34 3 3 3zm5.3-3c0 3-2.54 5.1-5.3 5.1S6.7 15 6.7 12H5c0 3.42 2.72 6.23 6 6.72V22h2v-3.28c3.28-.48 6-3.3 6-6.72h-1.7z"
      />
    </svg>
    <svg
      className="icon"
      fill="currentColor"
      height={30}
      stroke="currentColor"
      strokeWidth="0"
      style={
        Object {
          "color": undefined,
        }
      }
      viewBox="0 0 1024 1024"
      width={30}
      xmlns="http://www.w3.org/2000/svg"
    >
      <path
        d="M512 64C264.6 64 64 264.6 64 512s200.6 448 448 448 448-200.6 448-448S759.4 64 512 64zm0 820c-205.4 0-372-166.6-372-372s166.6-372 372-372 372 166.6 372 372-166.6 372-372 372z"
      />
      <path
        d="M464 336a48 48 0 1 0 96 0 48 48 0 1 0-96 0zm72 112h-48c-4.4 0-8 3.6-8 8v272c0 4.4 3.6 8 8 8h48c4.4 0 8-3.6 8-8V456c0-4.4-3.6-8-8-8z"
      />
    </svg>
  </div>
</nav>
`;
