// Jest Snapshot v1, https://goo.gl/fbAQLP

exports[`metrics data rendering Country stats page renders 1`] = `null`;
